Arrival Rate;T1 Queue;T1 Queue ConfInt;T1 Service;T1 Service ConfInt;T1 System;T1 System ConfInt;T1 Waiting;T1 Waiting ConfInt;T1 Waiting Variance;T1 Waiting Variance ConfInt;T1 Throughput;T1 Throughput ConfInt;T1 RespTime;T1 RespTime ConfInt;T1 RespTime Variance;T1 RespTime Variance ConfInt;T1 Preemption;T1 Preemption ConfInt;T1 Stability Check;T2 Queue;T2 Queue ConfInt;T2 Service;T2 Service ConfInt;T2 System;T2 System ConfInt;T2 Waiting;T2 Waiting ConfInt;T2 Waiting Variance;T2 Waiting Variance ConfInt;T2 Throughput;T2 Throughput ConfInt;T2 RespTime;T2 RespTime ConfInt;T2 RespTime Variance;T2 RespTime Variance ConfInt;T2 Preemption;T2 Preemption ConfInt;T2 Stability Check;T4 Queue;T4 Queue ConfInt;T4 Service;T4 Service ConfInt;T4 System;T4 System ConfInt;T4 Waiting;T4 Waiting ConfInt;T4 Waiting Variance;T4 Waiting Variance ConfInt;T4 Throughput;T4 Throughput ConfInt;T4 RespTime;T4 RespTime ConfInt;T4 RespTime Variance;T4 RespTime Variance ConfInt;T4 Preemption;T4 Preemption ConfInt;T4 Stability Check;T8 Queue;T8 Queue ConfInt;T8 Service;T8 Service ConfInt;T8 System;T8 System ConfInt;T8 Waiting;T8 Waiting ConfInt;T8 Waiting Variance;T8 Waiting Variance ConfInt;T8 Throughput;T8 Throughput ConfInt;T8 RespTime;T8 RespTime ConfInt;T8 RespTime Variance;T8 RespTime Variance ConfInt;T8 Preemption;T8 Preemption ConfInt;T8 Stability Check;Wasted Servers;Wasted Servers ConfInt;Utilisation;Utilisation ConfInt;Queue Total;Queue Total ConfInt;WaitTime Total;WaitTime Total ConfInt;WaitTime Variance;WaitTime Variance ConfInt;RespTime Total;RespTime Total ConfInt;RespTime Variance;RespTime Variance ConfInt;Window Size;Window Size ConfInt;FIFO Violations;FIFO Violations ConfInt;Run Duration;Run Duration ConfInt;
0.1;1.08582e-06;[9.82615e-07, 1.18902e-06];0.0401072;[0.0400655, 0.040149];0.0401083;[0.0400665, 0.0401501];2.70484e-05;[2.44802e-05, 2.96166e-05];2.27534e-05;[1.97328e-05, 2.57741e-05];0.0401442;[0.0401143, 0.0401742];0.999107;[0.998356, 0.999858];1.00073;[0.998218, 1.00324];0;[0, 0];0;4.71514e-07;[3.95604e-07, 5.47424e-07];0.0299557;[0.0299147, 0.0299968];0.0299562;[0.0299151, 0.0299973];1.56755e-05;[1.31574e-05, 1.81937e-05];9.8041e-06;[7.67511e-06, 1.19331e-05];0.0300514;[0.0300169, 0.030086];0.996832;[0.996081, 0.997582];0.994813;[0.992501, 0.997126];0;[0, 0];0;6.2749e-07;[5.1551e-07, 7.3947e-07];0.0200574;[0.0200228, 0.0200919];0.020058;[0.0200234, 0.0200926];3.12615e-05;[2.56965e-05, 3.68264e-05];2.86302e-05;[2.15155e-05, 3.57449e-05];0.019982;[0.0199558, 0.0200082];1.00378;[1.00297, 1.00459];1.01776;[1.01518, 1.02034];0;[0, 0];0;4.51219e-06;[4.20083e-06, 4.82354e-06];0.00998216;[0.00995734, 0.010007];0.00998667;[0.00996154, 0.0100118];0.00044925;[0.000418409, 0.00048009];0.000516171;[0.000434394, 0.000597948];0.0100152;[0.00999724, 0.0100332];0.997141;[0.9955, 0.998782];1.00488;[0.99992, 1.00985];0;[0, 0];0;15.7399;[15.7397, 15.7401];0.0162566;[0.0162432, 0.01627];6.69701e-06;[6.3287e-06, 7.06531e-06];6.67964e-05;[6.31379e-05, 7.04549e-05];6.98777e-05;[6.11509e-05, 7.86046e-05];0.999167;[0.998716, 0.999618];1.00288;[1.00147, 1.00428];0;[0, 0];0;[0, 0];2;[1.96516, 2.03484];
0.415789;8.37965e-05;[8.04225e-05, 8.71705e-05];0.166762;[0.166588, 0.166935];0.166845;[0.166669, 0.167022];0.000502242;[0.000482053, 0.000522431];0.000520199;[0.000485371, 0.000555027];0.166915;[0.166791, 0.16704];0.999582;[0.998835, 1.00033];1.00125;[0.99874, 1.00375];0;[0, 0];0;6.34694e-05;[6.09853e-05, 6.59535e-05];0.124553;[0.124382, 0.124723];0.124616;[0.124443, 0.124789];0.000507835;[0.000487935, 0.000527734];0.000443085;[0.000418981, 0.00046719];0.124951;[0.124807, 0.125094];0.997324;[0.996577, 0.99807];0.995384;[0.993065, 0.997703];0;[0, 0];0;6.64544e-05;[6.33378e-05, 6.9571e-05];0.0833964;[0.0832528, 0.08354];0.0834629;[0.0833162, 0.0836096];0.000800559;[0.000762742, 0.000838376];0.000720424;[0.000668297, 0.000772551];0.083083;[0.082974, 0.083192];1.00455;[1.00373, 1.00537];1.01859;[1.01601, 1.02116];0;[0, 0];0;0.000320615;[0.000313219, 0.000328011];0.0415048;[0.0414016, 0.041608];0.0418254;[0.0417148, 0.041936];0.00768333;[0.00751578, 0.00785088];0.00779274;[0.00754743, 0.00803804];0.0416422;[0.0415675, 0.0417169];1.00438;[1.00271, 1.00604];1.01195;[1.0069, 1.01699];0;[0, 0];0;14.9185;[14.9176, 14.9194];0.0675932;[0.0675376, 0.0676488];0.000534335;[0.000523722, 0.000544948];0.00128229;[0.00125701, 0.00130757];0.00127048;[0.00123207, 0.00130888];1.00038;[0.999932, 1.00083];1.00413;[1.00272, 1.00554];0;[0, 0];0;[0, 0];2;[1.95074, 2.04926];
0.731579;0.000515154;[0.000505709, 0.000524599];0.293416;[0.293111, 0.293721];0.293931;[0.293616, 0.294246];0.00175458;[0.00172217, 0.001787];0.00171413;[0.00166024, 0.00176803];0.293687;[0.293468, 0.293905];1.00083;[1.00008, 1.00159];1.00307;[1.00056, 1.00557];0;[0, 0];0;0.000431568;[0.000419483, 0.000443653];0.21915;[0.21885, 0.21945];0.219581;[0.219269, 0.219894];0.00196171;[0.00190725, 0.00201617];0.00186324;[0.00178394, 0.00194254];0.21985;[0.219597, 0.220103];0.998778;[0.99803, 0.999525];0.997383;[0.995028, 0.999738];0;[0, 0];0;0.000477126;[0.000465053, 0.000489199];0.146735;[0.146483, 0.146988];0.147213;[0.146948, 0.147477];0.00326515;[0.00318217, 0.00334813];0.00293302;[0.00280543, 0.00306061];0.146184;[0.145992, 0.146376];1.00701;[1.00618, 1.00784];1.02119;[1.01857, 1.02381];0;[0, 0];0;0.00161802;[0.00159199, 0.00164405];0.0730274;[0.0728458, 0.073209];0.0746454;[0.0744378, 0.074853];0.0220539;[0.0217272, 0.0223806];0.0233337;[0.0227608, 0.0239066];0.0732692;[0.0731377, 0.0734006];1.01875;[1.01697, 1.02052];1.02742;[1.0222, 1.03264];0;[0, 0];0;14.0971;[14.0956, 14.0987];0.11893;[0.118832, 0.119028];0.00304187;[0.00299903, 0.00308471];0.00414941;[0.00409141, 0.0042074];0.00420481;[0.00410965, 0.00429997];1.00325;[1.00279, 1.00371];1.00756;[1.00613, 1.00899];0;[0, 0];0;[0, 0];1.9;[1.86695, 1.93305];
1.04737;0.00182201;[0.00179909, 0.00184493];0.42007;[0.419633, 0.420507];0.421892;[0.421433, 0.422352];0.00433427;[0.00427897, 0.00438958];0.00424025;[0.00414514, 0.00433536];0.420458;[0.420144, 0.420771];1.00341;[1.00266, 1.00417];1.00687;[1.00436, 1.00938];0;[0, 0];0;0.0015266;[0.00150119, 0.00155202];0.313747;[0.313317, 0.314177];0.315274;[0.314818, 0.315729];0.0048495;[0.00476922, 0.00492978];0.00466544;[0.00454246, 0.00478841];0.314749;[0.314388, 0.315111];1.00167;[1.00092, 1.00241];1.00137;[0.99899, 1.00375];0;[0, 0];0;0.00180186;[0.0017721, 0.00183162];0.210074;[0.209712, 0.210436];0.211876;[0.211485, 0.212268];0.00861161;[0.0084685, 0.00875471];0.00794109;[0.00771182, 0.00817035];0.209284;[0.209009, 0.209559];1.01236;[1.01149, 1.01322];1.02712;[1.0245, 1.02974];0;[0, 0];0;0.00468615;[0.00462784, 0.00474447];0.10455;[0.10429, 0.10481];0.109236;[0.108918, 0.109554];0.0446279;[0.0441331, 0.0451228];0.0483536;[0.0474355, 0.0492718];0.104896;[0.104708, 0.105085];1.04132;[1.0394, 1.04324];1.0525;[1.04701, 1.05798];0;[0, 0];0;13.2757;[13.2735, 13.278];0.170266;[0.170126, 0.170406];0.00983662;[0.00972679, 0.00994646];0.00937291;[0.00926905, 0.00947676];0.00966553;[0.00948846, 0.00984259];1.00847;[1.008, 1.00895];1.01407;[1.01261, 1.01553];0;[0, 0];0;[0, 0];2.05;[2.00769, 2.09231];
1.36316;0.00469315;[0.00465137, 0.00473494];0.546725;[0.546156, 0.547293];0.551418;[0.550808, 0.552028];0.0085769;[0.00849984, 0.00865397];0.00855696;[0.00843428, 0.00867964];0.547229;[0.546821, 0.547637];1.00766;[1.00692, 1.00839];1.01388;[1.0114, 1.01635];0;[0, 0];0;0.00399908;[0.00393859, 0.00405957];0.408344;[0.407785, 0.408903];0.412343;[0.411723, 0.412963];0.00976321;[0.00961424, 0.00991219];0.00961001;[0.00937799, 0.00984202];0.409648;[0.409178, 0.410119];1.00658;[1.00583, 1.00732];1.00859;[1.0062, 1.01098];0;[0, 0];0;0.00468537;[0.00462336, 0.00474738];0.273413;[0.272942, 0.273884];0.278098;[0.277565, 0.278631];0.0172049;[0.0169749, 0.0174349];0.0162444;[0.0158795, 0.0166093];0.272385;[0.272027, 0.272742];1.02095;[1.02005, 1.02185];1.03789;[1.03526, 1.04052];0;[0, 0];0;0.0102613;[0.010154, 0.0103685];0.136073;[0.135734, 0.136411];0.146334;[0.145888, 0.14678];0.0751004;[0.0744125, 0.0757883];0.0836909;[0.0824018, 0.0849801];0.136523;[0.136278, 0.136769];1.07179;[1.06971, 1.07387];1.08792;[1.08223, 1.09361];0;[0, 0];0;12.4544;[12.4514, 12.4573];0.221603;[0.22142, 0.221785];0.0236389;[0.0234166, 0.0238612];0.0173058;[0.0171457, 0.017466];0.0183082;[0.0180259, 0.0185905];1.01641;[1.01593, 1.01689];1.02497;[1.02346, 1.02648];0;[0, 0];0;[0, 0];1.9;[1.84068, 1.95932];
1.67895;0.0101692;[0.0100826, 0.0102558];0.673379;[0.672679, 0.674079];0.683548;[0.682761, 0.684335];0.0150886;[0.0149594, 0.0152178];0.0152115;[0.0150131, 0.0154099];0.674;[0.673499, 0.674502];1.01417;[1.01345, 1.01489];1.02521;[1.02274, 1.02768];0;[0, 0];0;0.00876606;[0.00865292, 0.00887921];0.502941;[0.502252, 0.50363];0.511707;[0.510905, 0.512509];0.0173741;[0.0171493, 0.017599];0.017236;[0.0168504, 0.0176216];0.504548;[0.503969, 0.505127];1.01419;[1.01342, 1.01496];1.02004;[1.01759, 1.02249];0;[0, 0];0;0.0102098;[0.0101051, 0.0103144];0.336751;[0.336171, 0.337331];0.346961;[0.346277, 0.347646];0.0304365;[0.0301231, 0.03075];0.0298387;[0.029322, 0.0303553];0.335485;[0.335045, 0.335925];1.03418;[1.03321, 1.03515];1.05525;[1.05248, 1.05802];0;[0, 0];0;0.0189993;[0.0188294, 0.0191691];0.167595;[0.167178, 0.168012];0.186594;[0.186007, 0.187182];0.112918;[0.112044, 0.113791];0.130172;[0.128404, 0.13194];0.16815;[0.167848, 0.168452];1.10961;[1.1074, 1.11182];1.13443;[1.12829, 1.14058];0;[0, 0];0;11.633;[11.6294, 11.6366];0.272939;[0.272714, 0.273164];0.0481443;[0.0477549, 0.0485337];0.0286173;[0.0283902, 0.0288444];0.0310642;[0.0306413, 0.0314871];1.02772;[1.02721, 1.02823];1.0415;[1.03989, 1.04311];0;[0, 0];0;[0, 0];1.95;[1.8952, 2.0048];
1.99474;0.0195572;[0.01939, 0.0197244];0.800033;[0.799201, 0.800865];0.81959;[0.818591, 0.82059];0.0244254;[0.0242139, 0.0246369];0.0251979;[0.0248819, 0.025514];0.800771;[0.800176, 0.801367];1.02351;[1.02279, 1.02422];1.04246;[1.04002, 1.0449];0;[0, 0];0;0.0174975;[0.0172996, 0.0176955];0.597538;[0.59672, 0.598357];0.615036;[0.614019, 0.616052];0.0291844;[0.0288603, 0.0295085];0.0301089;[0.0295227, 0.0306951];0.599447;[0.598759, 0.600135];1.026;[1.02516, 1.02684];1.03906;[1.03648, 1.04165];0;[0, 0];0;0.0197503;[0.0195656, 0.019935];0.40009;[0.399401, 0.400779];0.41984;[0.418966, 0.420714];0.0495658;[0.0490872, 0.0500444];0.0504099;[0.0495618, 0.051258];0.398586;[0.398063, 0.399109];1.05331;[1.05225, 1.05437];1.08137;[1.07837, 1.08437];0;[0, 0];0;0.0319272;[0.0316656, 0.0321888];0.199118;[0.198622, 0.199613];0.231045;[0.230288, 0.231802];0.159723;[0.158606, 0.16084];0.189852;[0.1875, 0.192205];0.199777;[0.199418, 0.200136];1.15641;[1.154, 1.15883];1.19403;[1.18734, 1.20071];0;[0, 0];0;10.8116;[10.8073, 10.8159];0.324276;[0.324008, 0.324543];0.0887322;[0.0880262, 0.0894383];0.0443946;[0.0440461, 0.044743];0.0497394;[0.0491014, 0.0503774];1.04349;[1.04291, 1.04408];1.06603;[1.06425, 1.0678];0;[0, 0];0;[0, 0];2.1;[2.03121, 2.16879];
2.31053;0.0351416;[0.0348798, 0.0354035];0.926688;[0.925725, 0.92765];0.961829;[0.960604, 0.963054];0.0378891;[0.0376045, 0.0381736];0.0403453;[0.039837, 0.0408536];0.927543;[0.926853, 0.928232];1.03697;[1.03625, 1.03769];1.0682;[1.06575, 1.07066];0;[0, 0];0;0.0316128;[0.0312709, 0.0319547];0.692135;[0.691187, 0.693083];0.723748;[0.722458, 0.725038];0.0455202;[0.0450385, 0.046002];0.0487884;[0.0479143, 0.0496626];0.694346;[0.69355, 0.695143];1.04234;[1.04141, 1.04326];1.06718;[1.06442, 1.06994];0;[0, 0];0;0.0348948;[0.0346004, 0.0351892];0.463429;[0.462631, 0.464227];0.498324;[0.497231, 0.499416];0.0756008;[0.0749418, 0.0762598];0.0811953;[0.0798777, 0.0825129];0.461687;[0.461082, 0.462292];1.07935;[1.07811, 1.08058];1.11944;[1.1159, 1.12298];0;[0, 0];0;0.050147;[0.0497531, 0.0505409];0.23064;[0.230066, 0.231214];0.280787;[0.279819, 0.281755];0.216592;[0.215146, 0.218038];0.266015;[0.26286, 0.269171];0.231404;[0.230988, 0.23182];1.21328;[1.21055, 1.21602];1.2696;[1.26197, 1.27723];0;[0, 0];0;9.9902;[9.98525, 9.99516];0.375612;[0.375303, 0.375922];0.151796;[0.150642, 0.15295];0.0655676;[0.0650755, 0.0660596];0.0763354;[0.0753736, 0.0772973];1.06467;[1.06396, 1.06538];1.10109;[1.09894, 1.10325];0;[0, 0];0;[0, 0];2.1;[2.04068, 2.15932];
2.62632;0.0592618;[0.0588187, 0.059705];1.05334;[1.05225, 1.05444];1.1126;[1.11107, 1.11414];0.0562112;[0.055788, 0.0566343];0.0620068;[0.0612235, 0.06279];1.05431;[1.05353, 1.05509];1.05529;[1.05458, 1.056];1.10476;[1.10226, 1.10726];0;[0, 0];0;0.0540416;[0.0534537, 0.0546295];0.786731;[0.785653, 0.787809];0.840773;[0.839107, 0.842438];0.0684533;[0.0677275, 0.0691791];0.0765212;[0.0751658, 0.0778766];0.789243;[0.788336, 0.790149];1.06527;[1.06414, 1.06639];1.10839;[1.10513, 1.11164];0;[0, 0];0;0.058045;[0.0575502, 0.0585399];0.526767;[0.52586, 0.527674];0.584813;[0.583411, 0.586214];0.110638;[0.10966, 0.111617];0.126359;[0.124259, 0.12846];0.524787;[0.524099, 0.525475];1.11438;[1.11291, 1.11586];1.17394;[1.16965, 1.17824];0;[0, 0];0;0.0749021;[0.0743371, 0.0754671];0.262163;[0.261511, 0.262816];0.337065;[0.335848, 0.338283];0.284633;[0.28279, 0.286476];0.360083;[0.35577, 0.364396];0.263033;[0.262561, 0.263506];1.28132;[1.2782, 1.28444];1.36273;[1.35378, 1.37168];0;[0, 0];0;9.16882;[9.16319, 9.17445];0.426949;[0.426597, 0.4273];0.246251;[0.244341, 0.24816];0.093576;[0.0928584, 0.0942935];0.11348;[0.112001, 0.114958];1.09267;[1.09176, 1.09358];1.15001;[1.14727, 1.15276];0;[0, 0];0;[0, 0];2;[1.95074, 2.04926];
2.94211;0.0967193;[0.0960067, 0.0974318];1.17999;[1.17877, 1.18122];1.27671;[1.27478, 1.27865];0.0818953;[0.0812846, 0.082506];0.0947676;[0.0935631, 0.0959721];1.18108;[1.1802, 1.18196];1.08097;[1.08024, 1.0817];1.15822;[1.15565, 1.16079];0;[0, 0];0;0.088949;[0.0880344, 0.0898637];0.881326;[0.880119, 0.882534];0.970275;[0.968154, 0.972397];0.100577;[0.0995748, 0.10158];0.118039;[0.116047, 0.120031];0.884141;[0.883126, 0.885156];1.09739;[1.09601, 1.09877];1.16746;[1.1634, 1.17153];0;[0, 0];0;0.0924661;[0.0917574, 0.0931748];0.590105;[0.589089, 0.591121];0.682571;[0.680847, 0.684296];0.157325;[0.15607, 0.15858];0.190413;[0.187439, 0.193387];0.587888;[0.587118, 0.588657];1.16107;[1.15936, 1.16278];1.25125;[1.24584, 1.25665];0;[0, 0];0;0.108359;[0.107529, 0.10919];0.293686;[0.292954, 0.294417];0.402045;[0.400483, 0.403607];0.367576;[0.365145, 0.370007];0.479413;[0.473299, 0.485527];0.294661;[0.294131, 0.29519];1.36426;[1.3606, 1.36791];1.48126;[1.47037, 1.49214];0;[0, 0];0;8.34745;[8.34114, 8.35375];0.478285;[0.477891, 0.478679];0.386494;[0.383574, 0.389413];0.131105;[0.130126, 0.132084];0.166298;[0.164107, 0.168489];1.1302;[1.12906, 1.13135];1.21896;[1.21538, 1.22254];0;[0, 0];0;[0, 0];2.2;[2.14383, 2.25617];
3.25789;0.153633;[0.15256, 0.154706];1.30665;[1.30529, 1.308];1.46028;[1.45785, 1.46271];0.117474;[0.116644, 0.118304];0.143071;[0.141383, 0.14476];1.30785;[1.30688, 1.30882];1.11655;[1.1157, 1.11741];1.23682;[1.2337, 1.23994];0;[0, 0];0;0.14171;[0.140306, 0.143113];0.975921;[0.974584, 0.977259];1.11763;[1.11489, 1.12037];0.144701;[0.143322, 0.14608];0.180277;[0.177413, 0.18314];0.979039;[0.977915, 0.980164];1.14151;[1.13978, 1.14325];1.25444;[1.24944, 1.25945];0;[0, 0];0;0.1431;[0.142017, 0.144184];0.653442;[0.652318, 0.654567];0.796543;[0.794335, 0.79875];0.219864;[0.218148, 0.221581];0.282563;[0.27812, 0.287005];0.650988;[0.650136, 0.651839];1.22361;[1.22148, 1.22574];1.36018;[1.35295, 1.36741];0;[0, 0];0;0.153741;[0.152548, 0.154933];0.325207;[0.324397, 0.326017];0.478948;[0.476945, 0.480951];0.470962;[0.467793, 0.474131];0.636696;[0.628207, 0.645184];0.326281;[0.325694, 0.326868];1.46766;[1.46329, 1.47202];1.63889;[1.62546, 1.65232];0;[0, 0];0;7.52608;[7.5191, 7.53307];0.52962;[0.529183, 0.530056];0.592184;[0.587768, 0.596599];0.181405;[0.180068, 0.182742];0.242189;[0.239022, 0.245356];1.1805;[1.17901, 1.182];1.3178;[1.31299, 1.32261];0;[0, 0];0;[0, 0];2.15;[2.09746, 2.20254];
3.57368;0.239466;[0.237819, 0.241114];1.4333;[1.43181, 1.43478];1.67276;[1.66963, 1.6759];0.166926;[0.16576, 0.168092];0.218056;[0.215393, 0.220719];1.43462;[1.43355, 1.43569];1.166;[1.1649, 1.16711];1.35458;[1.35051, 1.35865];0;[0, 0];0;0.222124;[0.220085, 0.224162];1.07052;[1.06905, 1.07198];1.29264;[1.28913, 1.29615];0.206766;[0.204961, 0.208571];0.276367;[0.272138, 0.280596];1.07394;[1.0727, 1.07517];1.20358;[1.20146, 1.20569];1.38615;[1.37948, 1.39282];0;[0, 0];0;0.217095;[0.215453, 0.218737];0.716779;[0.715547, 0.718011];0.933875;[0.931001, 0.936749];0.304086;[0.301701, 0.306472];0.419754;[0.413206, 0.426301];0.714087;[0.713153, 0.715021];1.30783;[1.30511, 1.31056];1.5212;[1.51142, 1.53099];0;[0, 0];0;0.215394;[0.213749, 0.217039];0.356729;[0.355841, 0.357618];0.572124;[0.56959, 0.574657];0.601537;[0.597523, 0.605551];0.851435;[0.839846, 0.863025];0.357907;[0.357263, 0.358551];1.59823;[1.59301, 1.60345];1.85369;[1.83728, 1.8701];0;[0, 0];0;6.70472;[6.69706, 6.71237];0.580955;[0.580477, 0.581434];0.89408;[0.887577, 0.900583];0.249683;[0.247888, 0.251478];0.355466;[0.350774, 0.360159];1.24878;[1.24685, 1.25072];1.46367;[1.45704, 1.4703];0;[0, 0];0;[0, 0];2.35;[2.27797, 2.42203];
3.88947;0.369103;[0.366181, 0.372024];1.55995;[1.55833, 1.56157];1.92905;[1.92451, 1.93359];0.236411;[0.234504, 0.238318];0.33838;[0.333329, 0.343431];1.56138;[1.56022, 1.56255];1.23549;[1.23374, 1.23724];1.53631;[1.52962, 1.54301];0;[0, 0];0;0.341895;[0.338762, 0.345028];1.16511;[1.16351, 1.16671];1.507;[1.50227, 1.51174];0.292415;[0.289861, 0.294969];0.426453;[0.419438, 0.433468];1.16883;[1.16749, 1.17017];1.28923;[1.2864, 1.29205];1.5896;[1.57985, 1.59935];0;[0, 0];0;0.326739;[0.324226, 0.329252];0.780117;[0.778777, 0.781458];1.10686;[1.103, 1.11071];0.420486;[0.417172, 0.423801];0.63097;[0.620985, 0.640956];0.777187;[0.776172, 0.778202];1.42423;[1.42063, 1.42784];1.7663;[1.7523, 1.78029];0;[0, 0];0;0.300415;[0.298056, 0.302773];0.388251;[0.387283, 0.389218];0.688665;[0.685339, 0.691991];0.770874;[0.765511, 0.776238];1.16754;[1.15071, 1.18436];0.389533;[0.388833, 0.390234];1.76757;[1.761, 1.77414];2.16994;[2.14827, 2.19161];0;[0, 0];0;5.88336;[5.87503, 5.89169];0.63229;[0.631769, 0.632811];1.33815;[1.32776, 1.34855];0.343354;[0.340716, 0.345993];0.531016;[0.523266, 0.538766];1.34245;[1.33971, 1.34519];1.68663;[1.67648, 1.69679];0;[0, 0];0;[0, 0];2.2;[2.14383, 2.25617];
4.20526;0.566256;[0.561581, 0.570931];1.6866;[1.68485, 1.68835];2.25286;[2.24643, 2.25928];0.335459;[0.33264, 0.338278];0.535596;[0.526664, 0.544527];1.68815;[1.6869, 1.68941];1.33454;[1.33196, 1.33712];1.82476;[1.81363, 1.83589];0;[0, 0];0;0.525866;[0.520887, 0.530844];1.2597;[1.25797, 1.26143];1.78557;[1.77886, 1.79228];0.41598;[0.412233, 0.419727];0.674309;[0.66223, 0.686388];1.26373;[1.26228, 1.26518];1.41279;[1.40884, 1.41675];1.9151;[1.89959, 1.93062];0;[0, 0];0;0.491039;[0.487128, 0.49495];0.843456;[0.842008, 0.844903];1.33449;[1.32914, 1.33985];0.584451;[0.579732, 0.58917];0.971276;[0.954147, 0.988406];0.840287;[0.839191, 0.841384];1.5882;[1.58321, 1.59319];2.15173;[2.12981, 2.17366];0;[0, 0];0;0.419491;[0.416046, 0.422936];0.419771;[0.418725, 0.420818];0.839262;[0.834771, 0.843753];0.995607;[0.988267, 1.00295];1.63776;[1.61169, 1.66382];0.42116;[0.420402, 0.421918];1.9923;[1.98376, 2.00085];2.63933;[2.60854, 2.67012];0;[0, 0];0;5.062;[5.053, 5.07101];0.683625;[0.683062, 0.684188];2.00265;[1.98623, 2.01908];0.475268;[0.47142, 0.479116];0.812837;[0.7995, 0.826173];1.47437;[1.47045, 1.47828];2.03726;[2.02078, 2.05374];0;[0, 0];0;[0, 0];2.35;[2.26274, 2.43726];
4.52105;0.880257;[0.872559, 0.887955];1.81325;[1.81137, 1.81513];2.69351;[2.68393, 2.70309];0.485048;[0.48075, 0.489345];0.891772;[0.873986, 0.909558];1.81492;[1.81358, 1.81627];1.48413;[1.48009, 1.48817];2.32555;[2.30397, 2.34713];0;[0, 0];0;0.81989;[0.811621, 0.828158];1.3543;[1.35244, 1.35616];2.17419;[2.16406, 2.18431];0.603277;[0.597445, 0.609108];1.12107;[1.09765, 1.14449];1.35863;[1.35706, 1.36019];1.60009;[1.59409, 1.60609];2.48009;[2.4522, 2.50798];0;[0, 0];0;0.748609;[0.742197, 0.755022];0.906793;[0.90524, 0.908346];1.6554;[1.64744, 1.66337];0.82878;[0.82161, 0.835949];1.56088;[1.52888, 1.59288];0.903387;[0.902209, 0.904564];1.83253;[1.82517, 1.83989];2.80905;[2.77159, 2.84651];0;[0, 0];0;0.595472;[0.590175, 0.600769];0.451293;[0.450168, 0.452418];1.04677;[1.04034, 1.05319];1.31448;[1.30393, 1.32504];2.41244;[2.36789, 2.45699];0.452786;[0.451972, 0.4536];2.31118;[2.29948, 2.32287];3.41583;[3.36662, 3.46505];0;[0, 0];0;4.24064;[4.23097, 4.25031];0.73496;[0.734356, 0.735564];3.04423;[3.01713, 3.07133];0.671987;[0.666084, 0.677891];1.30799;[1.28247, 1.33351];1.67109;[1.66513, 1.67704];2.63956;[2.60969, 2.66942];0;[0, 0];0;[0, 0];2.5;[2.4046, 2.5954];
4.83684;1.40701;[1.39258, 1.42145];1.9399;[1.93789, 1.94192];3.34692;[3.33047, 3.36337];0.724708;[0.71719, 0.732226];1.59321;[1.55441, 1.63202];1.9417;[1.94026, 1.94314];1.72379;[1.71655, 1.73102];3.26185;[3.21582, 3.30787];0;[0, 0];0;1.30267;[1.28819, 1.31714];1.44889;[1.4469, 1.45088];2.75156;[2.73509, 2.76802];0.895922;[0.886324, 0.90552];1.96932;[1.92111, 2.01752];1.45352;[1.45185, 1.4552];1.89273;[1.88299, 1.90248];3.52259;[3.46635, 3.57883];0;[0, 0];0;1.16873;[1.15731, 1.18015];0.970131;[0.968472, 0.97179];2.13886;[2.12578, 2.15194];1.20944;[1.1975, 1.22137];2.64953;[2.58439, 2.71466];0.966487;[0.965224, 0.96775];2.21318;[2.20114, 2.22523];4.00535;[3.93324, 4.07746];0;[0, 0];0;0.872321;[0.863061, 0.88158];0.482814;[0.48161, 0.484018];1.35513;[1.34467, 1.3656];1.79969;[1.78217, 1.81722];3.80231;[3.71075, 3.89387];0.484408;[0.483538, 0.485277];2.7964;[2.77778, 2.81501];4.80115;[4.70505, 4.89724];0;[0, 0];0;3.41928;[3.40894, 3.42963];0.786295;[0.785648, 0.786942];4.75073;[4.70181, 4.79966];0.980224;[0.970227, 0.99022];2.24445;[2.19068, 2.29823];1.97932;[1.96929, 1.98936];3.74951;[3.68856, 3.81047];0;[0, 0];0;[0, 0];2.4;[2.31905, 2.48095];
5.15263;2.37073;[2.34049, 2.40097];2.06656;[2.0644, 2.06871];4.43729;[4.4049, 4.46968];1.14633;[1.13154, 1.16111];3.30956;[3.18632, 3.4328];2.06846;[2.06694, 2.06999];2.1454;[2.13093, 2.15988];5.40903;[5.27106, 5.54699];0;[0, 0];0;2.19497;[2.16537, 2.22456];1.54348;[1.54136, 1.54561];3.73845;[3.70673, 3.77017];1.41695;[1.39845, 1.43545];4.01901;[3.87508, 4.16294];1.54842;[1.54663, 1.55021];2.41376;[2.39512, 2.4324];5.92472;[5.76609, 6.08336];0;[0, 0];0;1.93081;[1.9076, 1.95402];1.03347;[1.0317, 1.03523];2.96428;[2.9393, 2.98925];1.87557;[1.85292, 1.89822];5.20991;[5.02504, 5.39479];1.02959;[1.02824, 1.03093];2.87932;[2.85663, 2.902];6.76097;[6.56606, 6.95587];0;[0, 0];0;1.35233;[1.33489, 1.36977];0.514335;[0.513052, 0.515619];1.86666;[1.84795, 1.88538];2.61866;[2.58716, 2.65015];6.94393;[6.67935, 7.20852];0.516028;[0.515103, 0.516953];3.61536;[3.58279, 3.64793];7.92505;[7.65623, 8.19387];0;[0, 0];0;2.59793;[2.5869, 2.60895];0.83763;[0.836941, 0.838319];7.84884;[7.74909, 7.94858];1.52017;[1.50102, 1.53931];4.47244;[4.31249, 4.63238];2.51927;[2.50011, 2.53843];6.29322;[6.12043, 6.466];0;[0, 0];0;[0, 0];2.45;[2.31747, 2.58253];
5.46842;4.49073;[4.41262, 4.56883];2.19321;[2.19093, 2.19548];6.68393;[6.60355, 6.76431];2.04621;[2.0103, 2.08212];8.75195;[8.31915, 9.18476];2.19523;[2.19362, 2.19685];3.04529;[3.00969, 3.08089];11.7733;[11.3059, 12.2406];0;[0, 0];0;4.15753;[4.08414, 4.23092];1.63808;[1.63582, 1.64034];5.79561;[5.71995, 5.87126];2.52831;[2.48488, 2.57174];10.4377;[9.92506, 10.9503];1.64332;[1.64142, 1.64522];3.52512;[3.48154, 3.5687];13.0817;[12.5387, 13.6248];0;[0, 0];0;3.56094;[3.50341, 3.61846];1.09681;[1.09493, 1.09868];4.65774;[4.59834, 4.71714];3.25943;[3.20648, 3.31238];12.707;[12.0935, 13.3204];1.09269;[1.09125, 1.09412];4.26318;[4.21024, 4.31612];14.677;[14.043, 15.311];0;[0, 0];0;2.35908;[2.31917, 2.399];0.545855;[0.544494, 0.547215];2.90494;[2.86366, 2.94622];4.3034;[4.2343, 4.37249];15.762;[14.9622, 16.5617];0.547648;[0.546669, 0.548626];5.30007;[5.22994, 5.37021];16.7235;[15.9189, 17.5281];0;[0, 0];0;1.77658;[1.7649, 1.78825];0.888964;[0.888234, 0.889694];14.5683;[14.3203, 14.8162];2.65856;[2.61361, 2.7035];11.2558;[10.7126, 11.799];3.65765;[3.6127, 3.70261];13.7494;[13.1785, 14.3203];0;[0, 0];0;[0, 0];2.7;[2.51534, 2.88466];
5.78421;11.7528;[11.4477, 12.0578];2.31986;[2.31742, 2.3223];14.0726;[13.7651, 14.3801];5.06269;[4.93079, 5.19459];39.5832;[37.2315, 41.9348];2.32201;[2.32028, 2.32373];6.06177;[5.93018, 6.19336];45.5451;[43.0773, 48.013];0;[0, 0];0;10.739;[10.4612, 11.0168];1.73268;[1.73028, 1.73508];12.4717;[12.1915, 12.7519];6.173;[6.01512, 6.33088];44.7105;[42.0762, 47.3448];1.73822;[1.73621, 1.74023];7.16981;[7.01178, 7.32784];49.6777;[46.9504, 52.405];0;[0, 0];0;8.85908;[8.64241, 9.07574];1.16015;[1.15816, 1.16213];10.0192;[9.80057, 10.2379];7.66518;[7.47709, 7.85327];49.7636;[46.7588, 52.7683];1.15579;[1.15424, 1.15734];8.66893;[8.48079, 8.85707];53.0448;[49.98, 56.1095];0;[0, 0];0;5.54658;[5.40569, 5.68747];0.577373;[0.575932, 0.578813];6.12395;[5.98162, 6.26629];9.55713;[9.32523, 9.78904];55.3728;[51.9566, 58.7889];0.579273;[0.578244, 0.580302];10.5538;[10.321, 10.7866];56.2845;[52.8654, 59.7036];0;[0, 0];0;0.955213;[0.94278, 0.967645];0.940299;[0.939522, 0.941076];36.8974;[35.9583, 37.8366];6.36459;[6.20339, 6.52578];46.866;[44.1045, 49.6276];7.36368;[7.20248, 7.52489];51.4925;[48.6442, 54.3409];0;[0, 0];0;[0, 0];3.35;[3.06428, 3.63572];
